
> frontend@0.1.0 start
> craco start

npm : node:internal/m
odules/cjs/loader:121
2
At line:1 char:1
+ npm start > 
error_log.txt 2>&1
+ ~~~~~~~~~~~~~~~~~~~
~~~~~~~~~~~
    + CategoryInfo   
           : NotSpe  
  cified: (node:in   
 ternal/modules/c    
js/loader:1212:S    
tring) [], Remot    
eException
    + FullyQualified 
   ErrorId : Native  
  CommandError
 
  const err = new 
Error(message);
              ^

Error: Cannot find 
module 'ajv/dist/comp
ile/codegen'
Require stack:
- C:\Users\Nengani\Do
wnloads\HidroDraw-mai
n\HidroDraw-main\fron
tend\node_modules\ajv
-keywords\dist\defini
tions\typeof.js
- C:\Users\Nengani\Do
wnloads\HidroDraw-mai
n\HidroDraw-main\fron
tend\node_modules\ajv
-keywords\dist\keywor
ds\typeof.js
- C:\Users\Nengani\Do
wnloads\HidroDraw-mai
n\HidroDraw-main\fron
tend\node_modules\ajv
-keywords\dist\keywor
ds\index.js
- C:\Users\Nengani\Do
wnloads\HidroDraw-mai
n\HidroDraw-main\fron
tend\node_modules\ajv
-keywords\dist\index.
js
- C:\Users\Nengani\Do
wnloads\HidroDraw-mai
n\HidroDraw-main\fron
tend\node_modules\sch
ema-utils\dist\valida
te.js
- C:\Users\Nengani\Do
wnloads\HidroDraw-mai
n\HidroDraw-main\fron
tend\node_modules\sch
ema-utils\dist\index.
js
- C:\Users\Nengani\Do
wnloads\HidroDraw-mai
n\HidroDraw-main\fron
tend\node_modules\ter
ser-webpack-plugin\di
st\index.js
- C:\Users\Nengani\Do
wnloads\HidroDraw-mai
n\HidroDraw-main\fron
tend\node_modules\rea
ct-scripts\config\web
pack.config.js
- C:\Users\Nengani\Do
wnloads\HidroDraw-mai
n\HidroDraw-main\fron
tend\node_modules\@cr
aco\craco\dist\lib\cr
a.js
- C:\Users\Nengani\Do
wnloads\HidroDraw-mai
n\HidroDraw-main\fron
tend\node_modules\@cr
aco\craco\dist\script
s\start.js
    at Module._resolv
eFilename (node:inter
nal/modules/cjs/loade
r:1212:15)
    at Module._load (
node:internal/modules
/cjs/loader:1043:27)
    at 
Module.require (node:
internal/modules/cjs/
loader:1298:19)
    at require (node:
internal/modules/help
ers:182:18)
    at 
Object.<anonymous> (C
:\Users\Nengani\Downl
oads\HidroDraw-main\H
idroDraw-main\fronten
d\node_modules\ajv-ke
ywords\dist\definitio
ns\typeof.js:3:19)
    at 
Module._compile (node
:internal/modules/cjs
/loader:1529:14)
    at Module._extens
ions..js (node:intern
al/modules/cjs/loader
:1613:10)
    at Module.load (n
ode:internal/modules/
cjs/loader:1275:32)
    at Module._load (
node:internal/modules
/cjs/loader:1096:12)
    at 
Module.require (node:
internal/modules/cjs/
loader:1298:19) {
  code: 
'MODULE_NOT_FOUND',
  requireStack: [
    'C:\\Users\\Nenga
ni\\Downloads\\HidroD
raw-main\\HidroDraw-m
ain\\frontend\\node_m
odules\\ajv-keywords\
\dist\\definitions\\t
ypeof.js',
    'C:\\Users\\Nenga
ni\\Downloads\\HidroD
raw-main\\HidroDraw-m
ain\\frontend\\node_m
odules\\ajv-keywords\
\dist\\keywords\\type
of.js',
    'C:\\Users\\Nenga
ni\\Downloads\\HidroD
raw-main\\HidroDraw-m
ain\\frontend\\node_m
odules\\ajv-keywords\
\dist\\keywords\\inde
x.js',
    'C:\\Users\\Nenga
ni\\Downloads\\HidroD
raw-main\\HidroDraw-m
ain\\frontend\\node_m
odules\\ajv-keywords\
\dist\\index.js',
    'C:\\Users\\Nenga
ni\\Downloads\\HidroD
raw-main\\HidroDraw-m
ain\\frontend\\node_m
odules\\schema-utils\
\dist\\validate.js',
    'C:\\Users\\Nenga
ni\\Downloads\\HidroD
raw-main\\HidroDraw-m
ain\\frontend\\node_m
odules\\schema-utils\
\dist\\index.js',
    'C:\\Users\\Nenga
ni\\Downloads\\HidroD
raw-main\\HidroDraw-m
ain\\frontend\\node_m
odules\\terser-webpac
k-plugin\\dist\\index
.js',
    'C:\\Users\\Nenga
ni\\Downloads\\HidroD
raw-main\\HidroDraw-m
ain\\frontend\\node_m
odules\\react-scripts
\\config\\webpack.con
fig.js',
    'C:\\Users\\Nenga
ni\\Downloads\\HidroD
raw-main\\HidroDraw-m
ain\\frontend\\node_m
odules\\@craco\\craco
\\dist\\lib\\cra.js',
    'C:\\Users\\Nenga
ni\\Downloads\\HidroD
raw-main\\HidroDraw-m
ain\\frontend\\node_m
odules\\@craco\\craco
\\dist\\scripts\\star
t.js'
  ]
}

Node.js v20.19.3
